#
# There is insufficient memory for the Java Runtime Environment to continue.
# Native memory allocation (malloc) failed to allocate 2260384 bytes for Chunk::new
# Possible reasons:
#   The system is out of physical RAM or swap space
#   The process is running with CompressedOops enabled, and the Java Heap may be blocking the growth of the native heap
# Possible solutions:
#   Reduce memory load on the system
#   Increase physical memory or swap space
#   Check if swap backing store is full
#   Decrease Java heap size (-Xmx/-Xms)
#   Decrease number of Java threads
#   Decrease Java thread stack sizes (-Xss)
#   Set larger code cache with -XX:ReservedCodeCacheSize=
#   JVM is running with Unscaled Compressed Oops mode in which the Java heap is
#     placed in the first 4GB address space. The Java Heap base address is the
#     maximum limit for the native heap growth. Please use -XX:HeapBaseMinAddress
#     to set the Java Heap base and to place the Java Heap above 4GB virtual address.
# This output file may be truncated or incomplete.
#
#  Out of Memory Error (arena.cpp:189), pid=13752, tid=41344
#
# JRE version: Java(TM) SE Runtime Environment (17.0.14+8) (build 17.0.14+8-LTS-191)
# Java VM: Java HotSpot(TM) 64-Bit Server VM (17.0.14+8-LTS-191, mixed mode, sharing, tiered, compressed oops, compressed class ptrs, g1 gc, windows-amd64)
# No core dump will be written. Minidumps are not enabled by default on client versions of Windows
#

---------------  S U M M A R Y ------------

Command Line: --add-opens=java.base/java.util=ALL-UNNAMED --add-opens=java.base/java.lang=ALL-UNNAMED --add-opens=java.base/java.lang.invoke=ALL-UNNAMED --add-opens=java.base/java.util=ALL-UNNAMED --add-opens=java.prefs/java.util.prefs=ALL-UNNAMED --add-opens=java.prefs/java.util.prefs=ALL-UNNAMED --add-opens=java.base/java.nio.charset=ALL-UNNAMED --add-opens=java.base/java.net=ALL-UNNAMED --add-opens=java.base/java.util.concurrent.atomic=ALL-UNNAMED -Xmx2048m -Dfile.encoding=UTF-8 -Duser.country=US -Duser.language=en -Duser.variant org.gradle.launcher.daemon.bootstrap.GradleDaemon 7.4

Host: 11th Gen Intel(R) Core(TM) i7-11800H @ 2.30GHz, 16 cores, 15G,  Windows 11 , 64 bit Build 26100 (10.0.26100.8328)
Time: Sun May 17 06:01:26 2026 SE Asia Standard Time elapsed time: 15.164481 seconds (0d 0h 0m 15s)

---------------  T H R E A D  ---------------

Current thread (0x0000018c47a65a00):  JavaThread "C2 CompilerThread1" daemon [_thread_in_native, id=41344, stack(0x0000001cf6a00000,0x0000001cf6b00000)]


Current CompileTask:
C2:  15165 2302   !   4       java.lang.ClassLoader::loadClass (121 bytes)

Stack: [0x0000001cf6a00000,0x0000001cf6b00000]
Native frames: (J=compiled Java code, j=interpreted, Vv=VM code, C=native code)
V  [jvm.dll+0x67a38a]
V  [jvm.dll+0x7da7ed]
V  [jvm.dll+0x7dc133]
V  [jvm.dll+0x7dc7a3]
V  [jvm.dll+0x24517f]
V  [jvm.dll+0xab773]
V  [jvm.dll+0xabd3c]
V  [jvm.dll+0x361e4e]
V  [jvm.dll+0x1ba47a]
V  [jvm.dll+0x216a97]
V  [jvm.dll+0x215d6f]
V  [jvm.dll+0x1a2950]
V  [jvm.dll+0x22620b]
V  [jvm.dll+0x2243ab]
V  [jvm.dll+0x790bbc]
V  [jvm.dll+0x78b04a]
V  [jvm.dll+0x679275]
C  [ucrtbase.dll+0x37b0]
C  [KERNEL32.DLL+0x2e957]
C  [ntdll.dll+0x427c]


---------------  P R O C E S S  ---------------

Threads class SMR info:
_java_thread_list=0x0000018c47b2aee0, length=28, elements={
0x0000018c5fafb090, 0x0000018c0063c2a0, 0x0000018c00682010, 0x0000018c00692230,
0x0000018c00694b10, 0x0000018c006953e0, 0x0000018c00699cc0, 0x0000018c006a7e90,
0x0000018c006aa860, 0x0000018c006af190, 0x0000018c00744cd0, 0x0000018c008225f0,
0x0000018c00826100, 0x0000018c47b94610, 0x0000018c47f197b0, 0x0000018c47c92c70,
0x0000018c47e60c10, 0x0000018c480e8a00, 0x0000018c4763c420, 0x0000018c4763aad0,
0x0000018c4763a0b0, 0x0000018c4763a5c0, 0x0000018c47639690, 0x0000018c47a65a00,
0x0000018c4763afe0, 0x0000018c4763bf10, 0x0000018c4763b4f0, 0x0000018c481f04d0
}

Java Threads: ( => current thread )
  0x0000018c5fafb090 JavaThread "main" [_thread_blocked, id=35372, stack(0x0000001cf4500000,0x0000001cf4600000)]
  0x0000018c0063c2a0 JavaThread "Reference Handler" daemon [_thread_blocked, id=26164, stack(0x0000001cf4c00000,0x0000001cf4d00000)]
  0x0000018c00682010 JavaThread "Finalizer" daemon [_thread_blocked, id=27504, stack(0x0000001cf4d00000,0x0000001cf4e00000)]
  0x0000018c00692230 JavaThread "Signal Dispatcher" daemon [_thread_blocked, id=17676, stack(0x0000001cf4e00000,0x0000001cf4f00000)]
  0x0000018c00694b10 JavaThread "Attach Listener" daemon [_thread_blocked, id=42784, stack(0x0000001cf4f00000,0x0000001cf5000000)]
  0x0000018c006953e0 JavaThread "Service Thread" daemon [_thread_blocked, id=23964, stack(0x0000001cf5000000,0x0000001cf5100000)]
  0x0000018c00699cc0 JavaThread "Monitor Deflation Thread" daemon [_thread_blocked, id=22480, stack(0x0000001cf5100000,0x0000001cf5200000)]
  0x0000018c006a7e90 JavaThread "C2 CompilerThread0" daemon [_thread_in_native, id=28220, stack(0x0000001cf5200000,0x0000001cf5300000)]
  0x0000018c006aa860 JavaThread "C1 CompilerThread0" daemon [_thread_blocked, id=35100, stack(0x0000001cf5300000,0x0000001cf5400000)]
  0x0000018c006af190 JavaThread "Sweeper thread" daemon [_thread_blocked, id=7848, stack(0x0000001cf5400000,0x0000001cf5500000)]
  0x0000018c00744cd0 JavaThread "C1 CompilerThread1" daemon [_thread_blocked, id=21380, stack(0x0000001cf5500000,0x0000001cf5600000)]
  0x0000018c008225f0 JavaThread "Common-Cleaner" daemon [_thread_blocked, id=32504, stack(0x0000001cf5600000,0x0000001cf5700000)]
  0x0000018c00826100 JavaThread "Notification Thread" daemon [_thread_blocked, id=7076, stack(0x0000001cf5700000,0x0000001cf5800000)]
  0x0000018c47b94610 JavaThread "Daemon health stats" [_thread_blocked, id=25996, stack(0x0000001cf6300000,0x0000001cf6400000)]
  0x0000018c47f197b0 JavaThread "Incoming local TCP Connector on port 64430" [_thread_in_native, id=35560, stack(0x0000001cf5900000,0x0000001cf5a00000)]
  0x0000018c47c92c70 JavaThread "Daemon periodic checks" [_thread_blocked, id=42056, stack(0x0000001cf6100000,0x0000001cf6200000)]
  0x0000018c47e60c10 JavaThread "Daemon" [_thread_blocked, id=25348, stack(0x0000001cf6400000,0x0000001cf6500000)]
  0x0000018c480e8a00 JavaThread "Handler for socket connection from /127.0.0.1:64430 to /127.0.0.1:64431" [_thread_in_native, id=36204, stack(0x0000001cf6500000,0x0000001cf6600000)]
  0x0000018c4763c420 JavaThread "Cancel handler" [_thread_blocked, id=20720, stack(0x0000001cf6200000,0x0000001cf6300000)]
  0x0000018c4763aad0 JavaThread "Daemon worker" [_thread_in_native, id=39588, stack(0x0000001cf6600000,0x0000001cf6700000)]
  0x0000018c4763a0b0 JavaThread "Asynchronous log dispatcher for DefaultDaemonConnection: socket connection from /127.0.0.1:64430 to /127.0.0.1:64431" [_thread_blocked, id=34012, stack(0x0000001cf6700000,0x0000001cf6800000)]
  0x0000018c4763a5c0 JavaThread "Stdin handler" [_thread_blocked, id=712, stack(0x0000001cf6800000,0x0000001cf6900000)]
  0x0000018c47639690 JavaThread "Daemon client event forwarder" [_thread_blocked, id=36388, stack(0x0000001cf6900000,0x0000001cf6a00000)]
=>0x0000018c47a65a00 JavaThread "C2 CompilerThread1" daemon [_thread_in_native, id=41344, stack(0x0000001cf6a00000,0x0000001cf6b00000)]
  0x0000018c4763afe0 JavaThread "Cache worker for journal cache (C:\Users\Maulana Bintang\.gradle\caches\journal-1)" [_thread_blocked, id=29388, stack(0x0000001cf6b00000,0x0000001cf6c00000)]
  0x0000018c4763bf10 JavaThread "File lock request listener" [_thread_in_native, id=29212, stack(0x0000001cf6c00000,0x0000001cf6d00000)]
  0x0000018c4763b4f0 JavaThread "Cache worker for file hash cache (C:\Users\Maulana Bintang\.gradle\caches\7.4\fileHashes)" [_thread_blocked, id=16748, stack(0x0000001cf6d00000,0x0000001cf6e00000)]
  0x0000018c481f04d0 JavaThread "C2 CompilerThread2" daemon [_thread_in_vm, id=33136, stack(0x0000001cf5a00000,0x0000001cf5b00000)]

Other Threads:
  0x0000018c006398f0 VMThread "VM Thread" [stack: 0x0000001cf4b00000,0x0000001cf4c00000] [id=14392]
  0x0000018c5fb8e770 WatcherThread [stack: 0x0000001cf5800000,0x0000001cf5900000] [id=22040]
  0x0000018c5fb5b520 GCTaskThread "GC Thread#0" [stack: 0x0000001cf4600000,0x0000001cf4700000] [id=26212]
  0x0000018c4690e9a0 GCTaskThread "GC Thread#1" [stack: 0x0000001cf5c00000,0x0000001cf5d00000] [id=33856]
  0x0000018c46e12ef0 GCTaskThread "GC Thread#2" [stack: 0x0000001cf5d00000,0x0000001cf5e00000] [id=26580]
  0x0000018c46e131b0 GCTaskThread "GC Thread#3" [stack: 0x0000001cf5e00000,0x0000001cf5f00000] [id=6912]
  0x0000018c473be910 GCTaskThread "GC Thread#4" [stack: 0x0000001cf5f00000,0x0000001cf6000000] [id=26780]
  0x0000018c4741c3e0 GCTaskThread "GC Thread#5" [stack: 0x0000001cf6000000,0x0000001cf6100000] [id=19256]
  0x0000018c5fb6f810 ConcurrentGCThread "G1 Main Marker" [stack: 0x0000001cf4700000,0x0000001cf4800000] [id=38884]
  0x0000018c5fb70130 ConcurrentGCThread "G1 Conc#0" [stack: 0x0000001cf4800000,0x0000001cf4900000] [id=43676]
  0x0000018c5fbbdc70 ConcurrentGCThread "G1 Refine#0" [stack: 0x0000001cf4900000,0x0000001cf4a00000] [id=32944]
  0x0000018c5fbbe450 ConcurrentGCThread "G1 Service" [stack: 0x0000001cf4a00000,0x0000001cf4b00000] [id=19672]

Threads with active compile tasks:
C2 CompilerThread0    15315 2368   !   4       java.net.URLClassLoader::findClass (47 bytes)
C1 CompilerThread0    15316 2450       3       java.lang.reflect.Method::getAnnotation (6 bytes)
C1 CompilerThread1    15316 2451       3       java.lang.WeakPairMap$Pair$Lookup::equals (31 bytes)
C2 CompilerThread1    15316 2302   !   4       java.lang.ClassLoader::loadClass (121 bytes)

VM state: not at safepoint (normal execution)

VM Mutex/Monitor currently owned by a thread: None

Heap address: 0x0000000080000000, size: 2048 MB, Compressed Oops mode: 32-bit

CDS archive(s) mapped at: [0x0000018c01000000-0x0000018c01bd0000-0x0000018c01bd0000), size 12386304, SharedBaseAddress: 0x0000018c01000000, ArchiveRelocationMode: 1.
Compressed class space mapped at: 0x0000018c02000000-0x0000018c42000000, reserved size: 1073741824
Narrow klass base: 0x0000018c01000000, Narrow klass shift: 0, Narrow klass range: 0x100000000

GC Precious Log:
 CPUs: 16 total, 16 available
 Memory: 16167M
 Large Page Support: Disabled
 NUMA Support: Disabled
 Compressed Oops: Enabled (32-bit)
 Heap Region Size: 1M
 Heap Min Capacity: 8M
 Heap Initial Capacity: 254M
 Heap Max Capacity: 2G
 Pre-touch: Disabled
 Parallel Workers: 13
 Concurrent Workers: 3
 Concurrent Refinement Workers: 13
 Periodic GC: Disabled

Heap:
 garbage-first heap   total 260096K, used 77152K [0x0000000080000000, 0x0000000100000000)
  region size 1024K, 68 young (69632K), 4 survivors (4096K)
 Metaspace       used 15531K, committed 15808K, reserved 1114112K
  class space    used 2252K, committed 2368K, reserved 1048576K

Heap Regions: E=young(eden), S=young(survivor), O=old, HS=humongous(starts), HC=humongous(continues), CS=collection set, F=free, OA=open archive, CA=closed archive, TAMS=top-at-mark-start (previous, next)
|   0|0x0000000080000000, 0x0000000080000000, 0x0000000080100000|  0%| F|  |TAMS 0x0000000080000000, 0x0000000080000000| Untracked 
|   1|0x0000000080100000, 0x0000000080200000, 0x0000000080200000|100%| O|  |TAMS 0x0000000080100000, 0x0000000080100000| Untracked 
|   2|0x0000000080200000, 0x0000000080300000, 0x0000000080300000|100%| O|  |TAMS 0x0000000080200000, 0x0000000080200000| Untracked 
|   3|0x0000000080300000, 0x0000000080400000, 0x0000000080400000|100%|HS|  |TAMS 0x0000000080300000, 0x0000000080300000| Complete 
|   4|0x0000000080400000, 0x0000000080500000, 0x0000000080500000|100%|HC|  |TAMS 0x0000000080400000, 0x0000000080400000| Complete 
|   5|0x0000000080500000, 0x0000000080600000, 0x0000000080600000|100%|HC|  |TAMS 0x0000000080500000, 0x0000000080500000| Complete 
|   6|0x0000000080600000, 0x0000000080700000, 0x0000000080700000|100%| O|  |TAMS 0x0000000080600000, 0x0000000080600000| Untracked 
|   7|0x0000000080700000, 0x0000000080800000, 0x0000000080800000|100%| O|  |TAMS 0x0000000080700000, 0x0000000080700000| Untracked 
|   8|0x0000000080800000, 0x0000000080900000, 0x0000000080900000|100%| O|  |TAMS 0x0000000080800000, 0x0000000080800000| Untracked 
|   9|0x0000000080900000, 0x00000000809ea600, 0x0000000080a00000| 91%| O|  |TAMS 0x0000000080900000, 0x0000000080900000| Untracked 
|  10|0x0000000080a00000, 0x0000000080a00000, 0x0000000080b00000|  0%| F|  |TAMS 0x0000000080a00000, 0x0000000080a00000| Untracked 
|  11|0x0000000080b00000, 0x0000000080b00000, 0x0000000080c00000|  0%| F|  |TAMS 0x0000000080b00000, 0x0000000080b00000| Untracked 
|  12|0x0000000080c00000, 0x0000000080c00000, 0x0000000080d00000|  0%| F|  |TAMS 0x0000000080c00000, 0x0000000080c00000| Untracked 
|  13|0x0000000080d00000, 0x0000000080d00000, 0x0000000080e00000|  0%| F|  |TAMS 0x0000000080d00000, 0x0000000080d00000| Untracked 
|  14|0x0000000080e00000, 0x0000000080e00000, 0x0000000080f00000|  0%| F|  |TAMS 0x0000000080e00000, 0x0000000080e00000| Untracked 
|  15|0x0000000080f00000, 0x0000000080f00000, 0x0000000081000000|  0%| F|  |TAMS 0x0000000080f00000, 0x0000000080f00000| Untracked 
|  16|0x0000000081000000, 0x0000000081000000, 0x0000000081100000|  0%| F|  |TAMS 0x0000000081000000, 0x0000000081000000| Untracked 
|  17|0x0000000081100000, 0x0000000081100000, 0x0000000081200000|  0%| F|  |TAMS 0x0000000081100000, 0x0000000081100000| Untracked 
|  18|0x0000000081200000, 0x0000000081200000, 0x0000000081300000|  0%| F|  |TAMS 0x0000000081200000, 0x0000000081200000| Untracked 
|  19|0x0000000081300000, 0x0000000081300000, 0x0000000081400000|  0%| F|  |TAMS 0x0000000081300000, 0x0000000081300000| Untracked 
|  20|0x0000000081400000, 0x0000000081400000, 0x0000000081500000|  0%| F|  |TAMS 0x0000000081400000, 0x0000000081400000| Untracked 
|  21|0x0000000081500000, 0x0000000081500000, 0x0000000081600000|  0%| F|  |TAMS 0x0000000081500000, 0x0000000081500000| Untracked 
|  22|0x0000000081600000, 0x0000000081600000, 0x0000000081700000|  0%| F|  |TAMS 0x0000000081600000, 0x0000000081600000| Untracked 
|  23|0x0000000081700000, 0x0000000081700000, 0x0000000081800000|  0%| F|  |TAMS 0x0000000081700000, 0x0000000081700000| Untracked 
|  24|0x0000000081800000, 0x0000000081800000, 0x0000000081900000|  0%| F|  |TAMS 0x0000000081800000, 0x0000000081800000| Untracked 
|  25|0x0000000081900000, 0x0000000081900000, 0x0000000081a00000|  0%| F|  |TAMS 0x0000000081900000, 0x0000000081900000| Untracked 
|  26|0x0000000081a00000, 0x0000000081a00000, 0x0000000081b00000|  0%| F|  |TAMS 0x0000000081a00000, 0x0000000081a00000| Untracked 
|  27|0x0000000081b00000, 0x0000000081b00000, 0x0000000081c00000|  0%| F|  |TAMS 0x0000000081b00000, 0x0000000081b00000| Untracked 
|  28|0x0000000081c00000, 0x0000000081c00000, 0x0000000081d00000|  0%| F|  |TAMS 0x0000000081c00000, 0x0000000081c00000| Untracked 
|  29|0x0000000081d00000, 0x0000000081d00000, 0x0000000081e00000|  0%| F|  |TAMS 0x0000000081d00000, 0x0000000081d00000| Untracked 
|  30|0x0000000081e00000, 0x0000000081e00000, 0x0000000081f00000|  0%| F|  |TAMS 0x0000000081e00000, 0x0000000081e00000| Untracked 
|  31|0x0000000081f00000, 0x0000000081f00000, 0x0000000082000000|  0%| F|  |TAMS 0x0000000081f00000, 0x0000000081f00000| Untracked 
|  32|0x0000000082000000, 0x0000000082000000, 0x0000000082100000|  0%| F|  |TAMS 0x0000000082000000, 0x0000000082000000| Untracked 
|  33|0x0000000082100000, 0x0000000082100000, 0x0000000082200000|  0%| F|  |TAMS 0x0000000082100000, 0x0000000082100000| Untracked 
|  34|0x0000000082200000, 0x0000000082200000, 0x0000000082300000|  0%| F|  |TAMS 0x0000000082200000, 0x0000000082200000| Untracked 
|  35|0x0000000082300000, 0x0000000082300000, 0x0000000082400000|  0%| F|  |TAMS 0x0000000082300000, 0x0000000082300000| Untracked 
|  36|0x0000000082400000, 0x0000000082400000, 0x0000000082500000|  0%| F|  |TAMS 0x0000000082400000, 0x0000000082400000| Untracked 
|  37|0x0000000082500000, 0x0000000082500000, 0x0000000082600000|  0%| F|  |TAMS 0x0000000082500000, 0x0000000082500000| Untracked 
|  38|0x0000000082600000, 0x0000000082600000, 0x0000000082700000|  0%| F|  |TAMS 0x0000000082600000, 0x0000000082600000| Untracked 
|  39|0x0000000082700000, 0x0000000082700000, 0x0000000082800000|  0%| F|  |TAMS 0x0000000082700000, 0x0000000082700000| Untracked 
|  40|0x0000000082800000, 0x0000000082800000, 0x0000000082900000|  0%| F|  |TAMS 0x0000000082800000, 0x0000000082800000| Untracked 
|  41|0x0000000082900000, 0x0000000082900000, 0x0000000082a00000|  0%| F|  |TAMS 0x0000000082900000, 0x0000000082900000| Untracked 
|  42|0x0000000082a00000, 0x0000000082a00000, 0x0000000082b00000|  0%| F|  |TAMS 0x0000000082a00000, 0x0000000082a00000| Untracked 
|  43|0x0000000082b00000, 0x0000000082b00000, 0x0000000082c00000|  0%| F|  |TAMS 0x0000000082b00000, 0x0000000082b00000| Untracked 
|  44|0x0000000082c00000, 0x0000000082c00000, 0x0000000082d00000|  0%| F|  |TAMS 0x0000000082c00000, 0x0000000082c00000| Untracked 
|  45|0x0000000082d00000, 0x0000000082d00000, 0x0000000082e00000|  0%| F|  |TAMS 0x0000000082d00000, 0x0000000082d00000| Untracked 
|  46|0x0000000082e00000, 0x0000000082e00000, 0x0000000082f00000|  0%| F|  |TAMS 0x0000000082e00000, 0x0000000082e00000| Untracked 
|  47|0x0000000082f00000, 0x0000000082f00000, 0x0000000083000000|  0%| F|  |TAMS 0x0000000082f00000, 0x0000000082f00000| Untracked 
|  48|0x0000000083000000, 0x0000000083000000, 0x0000000083100000|  0%| F|  |TAMS 0x0000000083000000, 0x0000000083000000| Untracked 
|  49|0x0000000083100000, 0x0000000083100000, 0x0000000083200000|  0%| F|  |TAMS 0x0000000083100000, 0x0000000083100000| Untracked 
|  50|0x0000000083200000, 0x0000000083200000, 0x0000000083300000|  0%| F|  |TAMS 0x0000000083200000, 0x0000000083200000| Untracked 
|  51|0x0000000083300000, 0x0000000083300000, 0x0000000083400000|  0%| F|  |TAMS 0x0000000083300000, 0x0000000083300000| Untracked 
|  52|0x0000000083400000, 0x0000000083400000, 0x0000000083500000|  0%| F|  |TAMS 0x0000000083400000, 0x0000000083400000| Untracked 
|  53|0x0000000083500000, 0x0000000083500000, 0x0000000083600000|  0%| F|  |TAMS 0x0000000083500000, 0x0000000083500000| Untracked 
|  54|0x0000000083600000, 0x0000000083600000, 0x0000000083700000|  0%| F|  |TAMS 0x0000000083600000, 0x0000000083600000| Untracked 
|  55|0x0000000083700000, 0x0000000083700000, 0x0000000083800000|  0%| F|  |TAMS 0x0000000083700000, 0x0000000083700000| Untracked 
|  56|0x0000000083800000, 0x0000000083800000, 0x0000000083900000|  0%| F|  |TAMS 0x0000000083800000, 0x0000000083800000| Untracked 
|  57|0x0000000083900000, 0x0000000083900000, 0x0000000083a00000|  0%| F|  |TAMS 0x0000000083900000, 0x0000000083900000| Untracked 
|  58|0x0000000083a00000, 0x0000000083a00000, 0x0000000083b00000|  0%| F|  |TAMS 0x0000000083a00000, 0x0000000083a00000| Untracked 
|  59|0x0000000083b00000, 0x0000000083b00000, 0x0000000083c00000|  0%| F|  |TAMS 0x0000000083b00000, 0x0000000083b00000| Untracked 
|  60|0x0000000083c00000, 0x0000000083c00000, 0x0000000083d00000|  0%| F|  |TAMS 0x0000000083c00000, 0x0000000083c00000| Untracked 
|  61|0x0000000083d00000, 0x0000000083d00000, 0x0000000083e00000|  0%| F|  |TAMS 0x0000000083d00000, 0x0000000083d00000| Untracked 
|  62|0x0000000083e00000, 0x0000000083e00000, 0x0000000083f00000|  0%| F|  |TAMS 0x0000000083e00000, 0x0000000083e00000| Untracked 
|  63|0x0000000083f00000, 0x0000000083f00000, 0x0000000084000000|  0%| F|  |TAMS 0x0000000083f00000, 0x0000000083f00000| Untracked 
|  64|0x0000000084000000, 0x0000000084000000, 0x0000000084100000|  0%| F|  |TAMS 0x0000000084000000, 0x0000000084000000| Untracked 
|  65|0x0000000084100000, 0x0000000084100000, 0x0000000084200000|  0%| F|  |TAMS 0x0000000084100000, 0x0000000084100000| Untracked 
|  66|0x0000000084200000, 0x0000000084200000, 0x0000000084300000|  0%| F|  |TAMS 0x0000000084200000, 0x0000000084200000| Untracked 
|  67|0x0000000084300000, 0x0000000084300000, 0x0000000084400000|  0%| F|  |TAMS 0x0000000084300000, 0x0000000084300000| Untracked 
|  68|0x0000000084400000, 0x0000000084400000, 0x0000000084500000|  0%| F|  |TAMS 0x0000000084400000, 0x0000000084400000| Untracked 
|  69|0x0000000084500000, 0x0000000084500000, 0x0000000084600000|  0%| F|  |TAMS 0x0000000084500000, 0x0000000084500000| Untracked 
|  70|0x0000000084600000, 0x0000000084600000, 0x0000000084700000|  0%| F|  |TAMS 0x0000000084600000, 0x0000000084600000| Untracked 
|  71|0x0000000084700000, 0x0000000084700000, 0x0000000084800000|  0%| F|  |TAMS 0x0000000084700000, 0x0000000084700000| Untracked 
|  72|0x0000000084800000, 0x0000000084800000, 0x0000000084900000|  0%| F|  |TAMS 0x0000000084800000, 0x0000000084800000| Untracked 
|  73|0x0000000084900000, 0x0000000084900000, 0x0000000084a00000|  0%| F|  |TAMS 0x0000000084900000, 0x0000000084900000| Untracked 
|  74|0x0000000084a00000, 0x0000000084a00000, 0x0000000084b00000|  0%| F|  |TAMS 0x0000000084a00000, 0x0000000084a00000| Untracked 
|  75|0x0000000084b00000, 0x0000000084b00000, 0x0000000084c00000|  0%| F|  |TAMS 0x0000000084b00000, 0x0000000084b00000| Untracked 
|  76|0x0000000084c00000, 0x0000000084c00000, 0x0000000084d00000|  0%| F|  |TAMS 0x0000000084c00000, 0x0000000084c00000| Untracked 
|  77|0x0000000084d00000, 0x0000000084d00000, 0x0000000084e00000|  0%| F|  |TAMS 0x0000000084d00000, 0x0000000084d00000| Untracked 
|  78|0x0000000084e00000, 0x0000000084e00000, 0x0000000084f00000|  0%| F|  |TAMS 0x0000000084e00000, 0x0000000084e00000| Untracked 
|  79|0x0000000084f00000, 0x0000000084f00000, 0x0000000085000000|  0%| F|  |TAMS 0x0000000084f00000, 0x0000000084f00000| Untracked 
|  80|0x0000000085000000, 0x0000000085000000, 0x0000000085100000|  0%| F|  |TAMS 0x0000000085000000, 0x0000000085000000| Untracked 
|  81|0x0000000085100000, 0x0000000085100000, 0x0000000085200000|  0%| F|  |TAMS 0x0000000085100000, 0x0000000085100000| Untracked 
|  82|0x0000000085200000, 0x0000000085200000, 0x0000000085300000|  0%| F|  |TAMS 0x0000000085200000, 0x0000000085200000| Untracked 
|  83|0x0000000085300000, 0x0000000085300000, 0x0000000085400000|  0%| F|  |TAMS 0x0000000085300000, 0x0000000085300000| Untracked 
|  84|0x0000000085400000, 0x0000000085400000, 0x0000000085500000|  0%| F|  |TAMS 0x0000000085400000, 0x0000000085400000| Untracked 
|  85|0x0000000085500000, 0x0000000085500000, 0x0000000085600000|  0%| F|  |TAMS 0x0000000085500000, 0x0000000085500000| Untracked 
|  86|0x0000000085600000, 0x0000000085600000, 0x0000000085700000|  0%| F|  |TAMS 0x0000000085600000, 0x0000000085600000| Untracked 
|  87|0x0000000085700000, 0x0000000085700000, 0x0000000085800000|  0%| F|  |TAMS 0x0000000085700000, 0x0000000085700000| Untracked 
|  88|0x0000000085800000, 0x0000000085800000, 0x0000000085900000|  0%| F|  |TAMS 0x0000000085800000, 0x0000000085800000| Untracked 
|  89|0x0000000085900000, 0x0000000085900000, 0x0000000085a00000|  0%| F|  |TAMS 0x0000000085900000, 0x0000000085900000| Untracked 
|  90|0x0000000085a00000, 0x0000000085a00000, 0x0000000085b00000|  0%| F|  |TAMS 0x0000000085a00000, 0x0000000085a00000| Untracked 
|  91|0x0000000085b00000, 0x0000000085b00000, 0x0000000085c00000|  0%| F|  |TAMS 0x0000000085b00000, 0x0000000085b00000| Untracked 
|  92|0x0000000085c00000, 0x0000000085c00000, 0x0000000085d00000|  0%| F|  |TAMS 0x0000000085c00000, 0x0000000085c00000| Untracked 
|  93|0x0000000085d00000, 0x0000000085d00000, 0x0000000085e00000|  0%| F|  |TAMS 0x0000000085d00000, 0x0000000085d00000| Untracked 
|  94|0x0000000085e00000, 0x0000000085e00000, 0x0000000085f00000|  0%| F|  |TAMS 0x0000000085e00000, 0x0000000085e00000| Untracked 
|  95|0x0000000085f00000, 0x0000000085f00000, 0x0000000086000000|  0%| F|  |TAMS 0x0000000085f00000, 0x0000000085f00000| Untracked 
|  96|0x0000000086000000, 0x0000000086000000, 0x0000000086100000|  0%| F|  |TAMS 0x0000000086000000, 0x0000000086000000| Untracked 
|  97|0x0000000086100000, 0x0000000086100000, 0x0000000086200000|  0%| F|  |TAMS 0x0000000086100000, 0x0000000086100000| Untracked 
|  98|0x0000000086200000, 0x0000000086200000, 0x0000000086300000|  0%| F|  |TAMS 0x0000000086200000, 0x0000000086200000| Untracked 
|  99|0x0000000086300000, 0x0000000086300000, 0x0000000086400000|  0%| F|  |TAMS 0x0000000086300000, 0x0000000086300000| Untracked 
| 100|0x0000000086400000, 0x0000000086400000, 0x0000000086500000|  0%| F|  |TAMS 0x0000000086400000, 0x0000000086400000| Untracked 
| 101|0x0000000086500000, 0x0000000086500000, 0x0000000086600000|  0%| F|  |TAMS 0x0000000086500000, 0x0000000086500000| Untracked 
| 102|0x0000000086600000, 0x0000000086600000, 0x0000000086700000|  0%| F|  |TAMS 0x0000000086600000, 0x0000000086600000| Untracked 
| 103|0x0000000086700000, 0x0000000086700000, 0x0000000086800000|  0%| F|  |TAMS 0x0000000086700000, 0x0000000086700000| Untracked 
| 104|0x0000000086800000, 0x0000000086800000, 0x0000000086900000|  0%| F|  |TAMS 0x0000000086800000, 0x0000000086800000| Untracked 
| 105|0x0000000086900000, 0x0000000086900000, 0x0000000086a00000|  0%| F|  |TAMS 0x0000000086900000, 0x0000000086900000| Untracked 
| 106|0x0000000086a00000, 0x0000000086a00000, 0x0000000086b00000|  0%| F|  |TAMS 0x0000000086a00000, 0x0000000086a00000| Untracked 
| 107|0x0000000086b00000, 0x0000000086b00000, 0x0000000086c00000|  0%| F|  |TAMS 0x0000000086b00000, 0x0000000086b00000| Untracked 
| 108|0x0000000086c00000, 0x0000000086c00000, 0x0000000086d00000|  0%| F|  |TAMS 0x0000000086c00000, 0x0000000086c00000| Untracked 
| 109|0x0000000086d00000, 0x0000000086d00000, 0x0000000086e00000|  0%| F|  |TAMS 0x0000000086d00000, 0x0000000086d00000| Untracked 
| 110|0x0000000086e00000, 0x0000000086e00000, 0x0000000086f00000|  0%| F|  |TAMS 0x0000000086e00000, 0x0000000086e00000| Untracked 
| 111|0x0000000086f00000, 0x0000000086f00000, 0x0000000087000000|  0%| F|  |TAMS 0x0000000086f00000, 0x0000000086f00000| Untracked 
| 112|0x0000000087000000, 0x0000000087000000, 0x0000000087100000|  0%| F|  |TAMS 0x0000000087000000, 0x0000000087000000| Untracked 
| 113|0x0000000087100000, 0x0000000087100000, 0x0000000087200000|  0%| F|  |TAMS 0x0000000087100000, 0x0000000087100000| Untracked 
| 114|0x0000000087200000, 0x0000000087200000, 0x0000000087300000|  0%| F|  |TAMS 0x0000000087200000, 0x0000000087200000| Untracked 
| 115|0x0000000087300000, 0x0000000087300000, 0x0000000087400000|  0%| F|  |TAMS 0x0000000087300000, 0x0000000087300000| Untracked 
| 116|0x0000000087400000, 0x0000000087400000, 0x0000000087500000|  0%| F|  |TAMS 0x0000000087400000, 0x0000000087400000| Untracked 
| 117|0x0000000087500000, 0x0000000087500000, 0x0000000087600000|  0%| F|  |TAMS 0x0000000087500000, 0x0000000087500000| Untracked 
| 118|0x0000000087600000, 0x0000000087600000, 0x0000000087700000|  0%| F|  |TAMS 0x0000000087600000, 0x0000000087600000| Untracked 
| 119|0x0000000087700000, 0x0000000087700000, 0x0000000087800000|  0%| F|  |TAMS 0x0000000087700000, 0x0000000087700000| Untracked 
| 120|0x0000000087800000, 0x0000000087800000, 0x0000000087900000|  0%| F|  |TAMS 0x0000000087800000, 0x0000000087800000| Untracked 
| 121|0x0000000087900000, 0x0000000087900000, 0x0000000087a00000|  0%| F|  |TAMS 0x0000000087900000, 0x0000000087900000| Untracked 
| 122|0x0000000087a00000, 0x0000000087a00000, 0x0000000087b00000|  0%| F|  |TAMS 0x0000000087a00000, 0x0000000087a00000| Untracked 
| 123|0x0000000087b00000, 0x0000000087b00000, 0x0000000087c00000|  0%| F|  |TAMS 0x0000000087b00000, 0x0000000087b00000| Untracked 
| 124|0x0000000087c00000, 0x0000000087c00000, 0x0000000087d00000|  0%| F|  |TAMS 0x0000000087c00000, 0x0000000087c00000| Untracked 
| 125|0x0000000087d00000, 0x0000000087d00000, 0x0000000087e00000|  0%| F|  |TAMS 0x0000000087d00000, 0x0000000087d00000| Untracked 
| 126|0x0000000087e00000, 0x0000000087e00000, 0x0000000087f00000|  0%| F|  |TAMS 0x0000000087e00000, 0x0000000087e00000| Untracked 
| 127|0x0000000087f00000, 0x0000000087f00000, 0x0000000088000000|  0%| F|  |TAMS 0x0000000087f00000, 0x0000000087f00000| Untracked 
| 128|0x0000000088000000, 0x0000000088000000, 0x0000000088100000|  0%| F|  |TAMS 0x0000000088000000, 0x0000000088000000| Untracked 
| 129|0x0000000088100000, 0x0000000088100000, 0x0000000088200000|  0%| F|  |TAMS 0x0000000088100000, 0x0000000088100000| Untracked 
| 130|0x0000000088200000, 0x0000000088200000, 0x0000000088300000|  0%| F|  |TAMS 0x0000000088200000, 0x0000000088200000| Untracked 
| 131|0x0000000088300000, 0x0000000088300000, 0x0000000088400000|  0%| F|  |TAMS 0x0000000088300000, 0x0000000088300000| Untracked 
| 132|0x0000000088400000, 0x0000000088400000, 0x0000000088500000|  0%| F|  |TAMS 0x0000000088400000, 0x0000000088400000| Untracked 
| 133|0x0000000088500000, 0x0000000088500000, 0x0000000088600000|  0%| F|  |TAMS 0x0000000088500000, 0x0000000088500000| Untracked 
| 134|0x0000000088600000, 0x0000000088600000, 0x0000000088700000|  0%| F|  |TAMS 0x0000000088600000, 0x0000000088600000| Untracked 
| 135|0x0000000088700000, 0x0000000088700000, 0x0000000088800000|  0%| F|  |TAMS 0x0000000088700000, 0x0000000088700000| Untracked 
| 136|0x0000000088800000, 0x0000000088800000, 0x0000000088900000|  0%| F|  |TAMS 0x0000000088800000, 0x0000000088800000| Untracked 
| 137|0x0000000088900000, 0x0000000088900000, 0x0000000088a00000|  0%| F|  |TAMS 0x0000000088900000, 0x0000000088900000| Untracked 
| 138|0x0000000088a00000, 0x0000000088a00000, 0x0000000088b00000|  0%| F|  |TAMS 0x0000000088a00000, 0x0000000088a00000| Untracked 
| 139|0x0000000088b00000, 0x0000000088b00000, 0x0000000088c00000|  0%| F|  |TAMS 0x0000000088b00000, 0x0000000088b00000| Untracked 
| 140|0x0000000088c00000, 0x0000000088c00000, 0x0000000088d00000|  0%| F|  |TAMS 0x0000000088c00000, 0x0000000088c00000| Untracked 
| 141|0x0000000088d00000, 0x0000000088d00000, 0x0000000088e00000|  0%| F|  |TAMS 0x0000000088d00000, 0x0000000088d00000| Untracked 
| 142|0x0000000088e00000, 0x0000000088e00000, 0x0000000088f00000|  0%| F|  |TAMS 0x0000000088e00000, 0x0000000088e00000| Untracked 
| 143|0x0000000088f00000, 0x0000000088f00000, 0x0000000089000000|  0%| F|  |TAMS 0x0000000088f00000, 0x0000000088f00000| Untracked 
| 144|0x0000000089000000, 0x0000000089000000, 0x0000000089100000|  0%| F|  |TAMS 0x0000000089000000, 0x0000000089000000| Untracked 
| 145|0x0000000089100000, 0x0000000089100000, 0x0000000089200000|  0%| F|  |TAMS 0x0000000089100000, 0x0000000089100000| Untracked 
| 146|0x0000000089200000, 0x0000000089200000, 0x0000000089300000|  0%| F|  |TAMS 0x0000000089200000, 0x0000000089200000| Untracked 
| 147|0x0000000089300000, 0x0000000089300000, 0x0000000089400000|  0%| F|  |TAMS 0x0000000089300000, 0x0000000089300000| Untracked 
| 148|0x0000000089400000, 0x0000000089400000, 0x0000000089500000|  0%| F|  |TAMS 0x0000000089400000, 0x0000000089400000| Untracked 
| 149|0x0000000089500000, 0x0000000089500000, 0x0000000089600000|  0%| F|  |TAMS 0x0000000089500000, 0x0000000089500000| Untracked 
| 150|0x0000000089600000, 0x0000000089600000, 0x0000000089700000|  0%| F|  |TAMS 0x0000000089600000, 0x0000000089600000| Untracked 
| 151|0x0000000089700000, 0x0000000089700000, 0x0000000089800000|  0%| F|  |TAMS 0x0000000089700000, 0x0000000089700000| Untracked 
| 152|0x0000000089800000, 0x0000000089800000, 0x0000000089900000|  0%| F|  |TAMS 0x0000000089800000, 0x0000000089800000| Untracked 
| 153|0x0000000089900000, 0x0000000089900000, 0x0000000089a00000|  0%| F|  |TAMS 0x0000000089900000, 0x0000000089900000| Untracked 
| 154|0x0000000089a00000, 0x0000000089a00000, 0x0000000089b00000|  0%| F|  |TAMS 0x0000000089a00000, 0x0000000089a00000| Untracked 
| 155|0x0000000089b00000, 0x0000000089b00000, 0x0000000089c00000|  0%| F|  |TAMS 0x0000000089b00000, 0x0000000089b00000| Untracked 
| 156|0x0000000089c00000, 0x0000000089c00000, 0x0000000089d00000|  0%| F|  |TAMS 0x0000000089c00000, 0x0000000089c00000| Untracked 
| 157|0x0000000089d00000, 0x0000000089d00000, 0x0000000089e00000|  0%| F|  |TAMS 0x0000000089d00000, 0x0000000089d00000| Untracked 
| 158|0x0000000089e00000, 0x0000000089e00000, 0x0000000089f00000|  0%| F|  |TAMS 0x0000000089e00000, 0x0000000089e00000| Untracked 
| 159|0x0000000089f00000, 0x0000000089f00000, 0x000000008a000000|  0%| F|  |TAMS 0x0000000089f00000, 0x0000000089f00000| Untracked 
| 160|0x000000008a000000, 0x000000008a000000, 0x000000008a100000|  0%| F|  |TAMS 0x000000008a000000, 0x000000008a000000| Untracked 
| 161|0x000000008a100000, 0x000000008a100000, 0x000000008a200000|  0%| F|  |TAMS 0x000000008a100000, 0x000000008a100000| Untracked 
| 162|0x000000008a200000, 0x000000008a200000, 0x000000008a300000|  0%| F|  |TAMS 0x000000008a200000, 0x000000008a200000| Untracked 
| 163|0x000000008a300000, 0x000000008a300000, 0x000000008a400000|  0%| F|  |TAMS 0x000000008a300000, 0x000000008a300000| Untracked 
| 164|0x000000008a400000, 0x000000008a400000, 0x000000008a500000|  0%| F|  |TAMS 0x000000008a400000, 0x000000008a400000| Untracked 
| 165|0x000000008a500000, 0x000000008a500000, 0x000000008a600000|  0%| F|  |TAMS 0x000000008a500000, 0x000000008a500000| Untracked 
| 166|0x000000008a600000, 0x000000008a600000, 0x000000008a700000|  0%| F|  |TAMS 0x000000008a600000, 0x000000008a600000| Untracked 
| 167|0x000000008a700000, 0x000000008a700000, 0x000000008a800000|  0%| F|  |TAMS 0x000000008a700000, 0x000000008a700000| Untracked 
| 168|0x000000008a800000, 0x000000008a800000, 0x000000008a900000|  0%| F|  |TAMS 0x000000008a800000, 0x000000008a800000| Untracked 
| 169|0x000000008a900000, 0x000000008a900000, 0x000000008aa00000|  0%| F|  |TAMS 0x000000008a900000, 0x000000008a900000| Untracked 
| 170|0x000000008aa00000, 0x000000008aa00000, 0x000000008ab00000|  0%| F|  |TAMS 0x000000008aa00000, 0x000000008aa00000| Untracked 
| 171|0x000000008ab00000, 0x000000008ab00000, 0x000000008ac00000|  0%| F|  |TAMS 0x000000008ab00000, 0x000000008ab00000| Untracked 
| 172|0x000000008ac00000, 0x000000008ac00000, 0x000000008ad00000|  0%| F|  |TAMS 0x000000008ac00000, 0x000000008ac00000| Untracked 
| 173|0x000000008ad00000, 0x000000008ad00000, 0x000000008ae00000|  0%| F|  |TAMS 0x000000008ad00000, 0x000000008ad00000| Untracked 
| 174|0x000000008ae00000, 0x000000008ae00000, 0x000000008af00000|  0%| F|  |TAMS 0x000000008ae00000, 0x000000008ae00000| Untracked 
| 175|0x000000008af00000, 0x000000008af00000, 0x000000008b000000|  0%| F|  |TAMS 0x000000008af00000, 0x000000008af00000| Untracked 
| 176|0x000000008b000000, 0x000000008b000000, 0x000000008b100000|  0%| F|  |TAMS 0x000000008b000000, 0x000000008b000000| Untracked 
| 177|0x000000008b100000, 0x000000008b100000, 0x000000008b200000|  0%| F|  |TAMS 0x000000008b100000, 0x000000008b100000| Untracked 
| 178|0x000000008b200000, 0x000000008b200000, 0x000000008b300000|  0%| F|  |TAMS 0x000000008b200000, 0x000000008b200000| Untracked 
| 179|0x000000008b300000, 0x000000008b300000, 0x000000008b400000|  0%| F|  |TAMS 0x000000008b300000, 0x000000008b300000| Untracked 
| 180|0x000000008b400000, 0x000000008b400000, 0x000000008b500000|  0%| F|  |TAMS 0x000000008b400000, 0x000000008b400000| Untracked 
| 181|0x000000008b500000, 0x000000008b500000, 0x000000008b600000|  0%| F|  |TAMS 0x000000008b500000, 0x000000008b500000| Untracked 
| 182|0x000000008b600000, 0x000000008b600000, 0x000000008b700000|  0%| F|  |TAMS 0x000000008b600000, 0x000000008b600000| Untracked 
| 183|0x000000008b700000, 0x000000008b700000, 0x000000008b800000|  0%| F|  |TAMS 0x000000008b700000, 0x000000008b700000| Untracked 
| 184|0x000000008b800000, 0x000000008b800000, 0x000000008b900000|  0%| F|  |TAMS 0x000000008b800000, 0x000000008b800000| Untracked 
| 185|0x000000008b900000, 0x000000008b980800, 0x000000008ba00000| 50%| E|  |TAMS 0x000000008b900000, 0x000000008b900000| Complete 
| 186|0x000000008ba00000, 0x000000008bb00000, 0x000000008bb00000|100%| E|CS|TAMS 0x000000008ba00000, 0x000000008ba00000| Complete 
| 187|0x000000008bb00000, 0x000000008bc00000, 0x000000008bc00000|100%| E|CS|TAMS 0x000000008bb00000, 0x000000008bb00000| Complete 
| 188|0x000000008bc00000, 0x000000008bd00000, 0x000000008bd00000|100%| E|CS|TAMS 0x000000008bc00000, 0x000000008bc00000| Complete 
| 189|0x000000008bd00000, 0x000000008be00000, 0x000000008be00000|100%| E|CS|TAMS 0x000000008bd00000, 0x000000008bd00000| Complete 
| 190|0x000000008be00000, 0x000000008bf00000, 0x000000008bf00000|100%| E|CS|TAMS 0x000000008be00000, 0x000000008be00000| Complete 
| 191|0x000000008bf00000, 0x000000008c000000, 0x000000008c000000|100%| E|CS|TAMS 0x000000008bf00000, 0x000000008bf00000| Complete 
| 192|0x000000008c000000, 0x000000008c100000, 0x000000008c100000|100%| E|CS|TAMS 0x000000008c000000, 0x000000008c000000| Complete 
| 193|0x000000008c100000, 0x000000008c200000, 0x000000008c200000|100%| E|CS|TAMS 0x000000008c100000, 0x000000008c100000| Complete 
| 194|0x000000008c200000, 0x000000008c300000, 0x000000008c300000|100%| E|CS|TAMS 0x000000008c200000, 0x000000008c200000| Complete 
| 195|0x000000008c300000, 0x000000008c400000, 0x000000008c400000|100%| E|CS|TAMS 0x000000008c300000, 0x000000008c300000| Complete 
| 196|0x000000008c400000, 0x000000008c500000, 0x000000008c500000|100%| E|CS|TAMS 0x000000008c400000, 0x000000008c400000| Complete 
| 197|0x000000008c500000, 0x000000008c600000, 0x000000008c600000|100%| E|CS|TAMS 0x000000008c500000, 0x000000008c500000| Complete 
| 198|0x000000008c600000, 0x000000008c700000, 0x000000008c700000|100%| E|CS|TAMS 0x000000008c600000, 0x000000008c600000| Complete 
| 199|0x000000008c700000, 0x000000008c800000, 0x000000008c800000|100%| E|CS|TAMS 0x000000008c700000, 0x000000008c700000| Complete 
| 200|0x000000008c800000, 0x000000008c900000, 0x000000008c900000|100%| E|CS|TAMS 0x000000008c800000, 0x000000008c800000| Complete 
| 201|0x000000008c900000, 0x000000008ca00000, 0x000000008ca00000|100%| E|CS|TAMS 0x000000008c900000, 0x000000008c900000| Complete 
| 202|0x000000008ca00000, 0x000000008cb00000, 0x000000008cb00000|100%| E|CS|TAMS 0x000000008ca00000, 0x000000008ca00000| Complete 
| 203|0x000000008cb00000, 0x000000008cc00000, 0x000000008cc00000|100%| E|CS|TAMS 0x000000008cb00000, 0x000000008cb00000| Complete 
| 204|0x000000008cc00000, 0x000000008cd00000, 0x000000008cd00000|100%| E|CS|TAMS 0x000000008cc00000, 0x000000008cc00000| Complete 
| 205|0x000000008cd00000, 0x000000008ce00000, 0x000000008ce00000|100%| E|CS|TAMS 0x000000008cd00000, 0x000000008cd00000| Complete 
| 206|0x000000008ce00000, 0x000000008cf00000, 0x000000008cf00000|100%| E|CS|TAMS 0x000000008ce00000, 0x000000008ce00000| Complete 
| 207|0x000000008cf00000, 0x000000008d000000, 0x000000008d000000|100%| E|CS|TAMS 0x000000008cf00000, 0x000000008cf00000| Complete 
| 208|0x000000008d000000, 0x000000008d100000, 0x000000008d100000|100%| E|CS|TAMS 0x000000008d000000, 0x000000008d000000| Complete 
| 209|0x000000008d100000, 0x000000008d200000, 0x000000008d200000|100%| E|CS|TAMS 0x000000008d100000, 0x000000008d100000| Complete 
| 210|0x000000008d200000, 0x000000008d300000, 0x000000008d300000|100%| E|CS|TAMS 0x000000008d200000, 0x000000008d200000| Complete 
| 211|0x000000008d300000, 0x000000008d400000, 0x000000008d400000|100%| E|CS|TAMS 0x000000008d300000, 0x000000008d300000| Complete 
| 212|0x000000008d400000, 0x000000008d500000, 0x000000008d500000|100%| E|CS|TAMS 0x000000008d400000, 0x000000008d400000| Complete 
| 213|0x000000008d500000, 0x000000008d600000, 0x000000008d600000|100%| E|CS|TAMS 0x000000008d500000, 0x000000008d500000| Complete 
| 214|0x000000008d600000, 0x000000008d700000, 0x000000008d700000|100%| E|CS|TAMS 0x000000008d600000, 0x000000008d600000| Complete 
| 215|0x000000008d700000, 0x000000008d800000, 0x000000008d800000|100%| E|CS|TAMS 0x000000008d700000, 0x000000008d700000| Complete 
| 216|0x000000008d800000, 0x000000008d900000, 0x000000008d900000|100%| E|CS|TAMS 0x000000008d800000, 0x000000008d800000| Complete 
| 217|0x000000008d900000, 0x000000008da00000, 0x000000008da00000|100%| E|CS|TAMS 0x000000008d900000, 0x000000008d900000| Complete 
| 218|0x000000008da00000, 0x000000008db00000, 0x000000008db00000|100%| E|CS|TAMS 0x000000008da00000, 0x000000008da00000| Complete 
| 219|0x000000008db00000, 0x000000008db6dab0, 0x000000008dc00000| 42%| S|CS|TAMS 0x000000008db00000, 0x000000008db00000| Complete 
| 220|0x000000008dc00000, 0x000000008dd00000, 0x000000008dd00000|100%| S|CS|TAMS 0x000000008dc00000, 0x000000008dc00000| Complete 
| 221|0x000000008dd00000, 0x000000008de00000, 0x000000008de00000|100%| S|CS|TAMS 0x000000008dd00000, 0x000000008dd00000| Complete 
| 222|0x000000008de00000, 0x000000008df00000, 0x000000008df00000|100%| S|CS|TAMS 0x000000008de00000, 0x000000008de00000| Complete 
| 223|0x000000008df00000, 0x000000008e000000, 0x000000008e000000|100%| E|CS|TAMS 0x000000008df00000, 0x000000008df00000| Complete 
| 224|0x000000008e000000, 0x000000008e100000, 0x000000008e100000|100%| E|CS|TAMS 0x000000008e000000, 0x000000008e000000| Complete 
| 225|0x000000008e100000, 0x000000008e200000, 0x000000008e200000|100%| E|CS|TAMS 0x000000008e100000, 0x000000008e100000| Complete 
| 226|0x000000008e200000, 0x000000008e300000, 0x000000008e300000|100%| E|CS|TAMS 0x000000008e200000, 0x000000008e200000| Complete 
| 227|0x000000008e300000, 0x000000008e400000, 0x000000008e400000|100%| E|CS|TAMS 0x000000008e300000, 0x000000008e300000| Complete 
| 228|0x000000008e400000, 0x000000008e500000, 0x000000008e500000|100%| E|CS|TAMS 0x000000008e400000, 0x000000008e400000| Complete 
| 229|0x000000008e500000, 0x000000008e600000, 0x000000008e600000|100%| E|CS|TAMS 0x000000008e500000, 0x000000008e500000| Complete 
| 230|0x000000008e600000, 0x000000008e700000, 0x000000008e700000|100%| E|CS|TAMS 0x000000008e600000, 0x000000008e600000| Complete 
| 231|0x000000008e700000, 0x000000008e800000, 0x000000008e800000|100%| E|CS|TAMS 0x000000008e700000, 0x000000008e700000| Complete 
| 232|0x000000008e800000, 0x000000008e900000, 0x000000008e900000|100%| E|CS|TAMS 0x000000008e800000, 0x000000008e800000| Complete 
| 233|0x000000008e900000, 0x000000008ea00000, 0x000000008ea00000|100%| E|CS|TAMS 0x000000008e900000, 0x000000008e900000| Complete 
| 234|0x000000008ea00000, 0x000000008eb00000, 0x000000008eb00000|100%| E|CS|TAMS 0x000000008ea00000, 0x000000008ea00000| Complete 
| 235|0x000000008eb00000, 0x000000008ec00000, 0x000000008ec00000|100%| E|CS|TAMS 0x000000008eb00000, 0x000000008eb00000| Complete 
| 236|0x000000008ec00000, 0x000000008ed00000, 0x000000008ed00000|100%| E|CS|TAMS 0x000000008ec00000, 0x000000008ec00000| Complete 
| 237|0x000000008ed00000, 0x000000008ee00000, 0x000000008ee00000|100%| E|CS|TAMS 0x000000008ed00000, 0x000000008ed00000| Complete 
| 238|0x000000008ee00000, 0x000000008ef00000, 0x000000008ef00000|100%| E|CS|TAMS 0x000000008ee00000, 0x000000008ee00000| Complete 
| 239|0x000000008ef00000, 0x000000008f000000, 0x000000008f000000|100%| E|CS|TAMS 0x000000008ef00000, 0x000000008ef00000| Complete 
| 240|0x000000008f000000, 0x000000008f100000, 0x000000008f100000|100%| E|CS|TAMS 0x000000008f000000, 0x000000008f000000| Complete 
| 241|0x000000008f100000, 0x000000008f200000, 0x000000008f200000|100%| E|CS|TAMS 0x000000008f100000, 0x000000008f100000| Complete 
| 242|0x000000008f200000, 0x000000008f300000, 0x000000008f300000|100%| E|CS|TAMS 0x000000008f200000, 0x000000008f200000| Complete 
| 243|0x000000008f300000, 0x000000008f400000, 0x000000008f400000|100%| E|CS|TAMS 0x000000008f300000, 0x000000008f300000| Complete 
| 244|0x000000008f400000, 0x000000008f500000, 0x000000008f500000|100%| E|CS|TAMS 0x000000008f400000, 0x000000008f400000| Complete 
| 245|0x000000008f500000, 0x000000008f600000, 0x000000008f600000|100%| E|CS|TAMS 0x000000008f500000, 0x000000008f500000| Complete 
| 246|0x000000008f600000, 0x000000008f700000, 0x000000008f700000|100%| E|CS|TAMS 0x000000008f600000, 0x000000008f600000| Complete 
| 247|0x000000008f700000, 0x000000008f800000, 0x000000008f800000|100%| E|CS|TAMS 0x000000008f700000, 0x000000008f700000| Complete 
| 248|0x000000008f800000, 0x000000008f900000, 0x000000008f900000|100%| E|CS|TAMS 0x000000008f800000, 0x000000008f800000| Complete 
| 249|0x000000008f900000, 0x000000008fa00000, 0x000000008fa00000|100%| E|CS|TAMS 0x000000008f900000, 0x000000008f900000| Complete 
| 250|0x000000008fa00000, 0x000000008fb00000, 0x000000008fb00000|100%| E|CS|TAMS 0x000000008fa00000, 0x000000008fa00000| Complete 
| 251|0x000000008fb00000, 0x000000008fc00000, 0x000000008fc00000|100%| E|CS|TAMS 0x000000008fb00000, 0x000000008fb00000| Complete 
| 252|0x000000008fc00000, 0x000000008fd00000, 0x000000008fd00000|100%| E|CS|TAMS 0x000000008fc00000, 0x000000008fc00000| Complete 
| 253|0x000000008fd00000, 0x000000008fe00000, 0x000000008fe00000|100%| E|CS|TAMS 0x000000008fd00000, 0x000000008fd00000| Complete 

Card table byte_map: [0x0000018c78d90000,0x0000018c79190000] _byte_map_base: 0x0000018c78990000

Marking Bits (Prev, Next): (CMBitMap*) 0x0000018c5fb5ca60, (CMBitMap*) 0x0000018c5fb5caa0
 Prev Bits: [0x0000018c79590000, 0x0000018c7b590000)
 Next Bits: [0x0000018c7b590000, 0x0000018c7d590000)

Polling page: 0x0000018c5f5a0000

Metaspace:

Usage:
  Non-class:     13.14 MB used.
      Class:      2.22 MB used.
       Both:     15.37 MB used.

Virtual space:
  Non-class space:       64.00 MB reserved,      13.25 MB ( 21%) committed,  1 nodes.
      Class space:        1.00 GB reserved,       2.31 MB ( <1%) committed,  1 nodes.
             Both:        1.06 GB reserved,      15.56 MB (  1%) committed. 

Chunk freelists:
   Non-Class:  2.11 MB
       Class:  13.63 MB
        Both:  15.74 MB

MaxMetaspaceSize: unlimited
CompressedClassSpaceSize: 1.00 GB
Initial GC threshold: 21.00 MB
Current GC threshold: 21.00 MB
CDS: on
MetaspaceReclaimPolicy: balanced
 - commit_granule_bytes: 65536.
 - commit_granule_words: 8192.
 - virtual_space_node_default_size: 8388608.
 - enlarge_chunks_in_place: 1.
 - new_chunks_are_fully_committed: 0.
 - uncommit_free_chunks: 1.
 - use_allocation_guard: 0.
 - handle_deallocations: 1.


Internal statistics:

num_allocs_failed_limit: 0.
num_arena_births: 172.
num_arena_deaths: 0.
num_vsnodes_births: 2.
num_vsnodes_deaths: 0.
num_space_committed: 250.
num_space_uncommitted: 0.
num_chunks_returned_to_freelist: 0.
num_chunks_taken_from_freelist: 677.
num_chunk_merges: 0.
num_chunk_splits: 450.
num_chunks_enlarged: 334.
num_inconsistent_stats: 0.

CodeHeap 'non-profiled nmethods': size=119168Kb used=1226Kb max_used=1226Kb free=117941Kb
 bounds [0x0000018c70580000, 0x0000018c707f0000, 0x0000018c779e0000]
CodeHeap 'profiled nmethods': size=119104Kb used=5103Kb max_used=5103Kb free=114000Kb
 bounds [0x0000018c689e0000, 0x0000018c68ee0000, 0x0000018c6fe30000]
CodeHeap 'non-nmethods': size=7488Kb used=1795Kb max_used=2933Kb free=5693Kb
 bounds [0x0000018c6fe30000, 0x0000018c70120000, 0x0000018c70580000]
 total_blobs=2976 nmethods=2452 adapters=435
 compilation: enabled
              stopped_count=0, restarted_count=0
 full_count=0

Compilation events (20 events):
Event: 9.824 Thread 0x0000018c46854000 2367       3       java.lang.Package$VersionInfo::<init> (44 bytes)
Event: 9.825 Thread 0x0000018c46854000 nmethod 2367 0x0000018c68ea1010 code [0x0000018c68ea11c0, 0x0000018c68ea15b8]
Event: 9.840 Thread 0x0000018c006a7e90 nmethod 2358 0x0000018c706a9410 code [0x0000018c706a9660, 0x0000018c706aaff0]
Event: 9.841 Thread 0x0000018c006a7e90 2366  s    4       java.lang.Throwable::fillInStackTrace (29 bytes)
Event: 9.847 Thread 0x0000018c006a7e90 nmethod 2366 0x0000018c706abf10 code [0x0000018c706ac0a0, 0x0000018c706ac428]
Event: 9.848 Thread 0x0000018c006a7e90 2368   !   4       java.net.URLClassLoader::findClass (47 bytes)
Event: 10.968 Thread 0x0000018c00744cd0 2372       3       sun.reflect.generics.scope.ClassScope::<init> (6 bytes)
Event: 10.968 Thread 0x0000018c006aa860 2371       3       sun.reflect.generics.scope.ClassScope::make (9 bytes)
Event: 10.969 Thread 0x0000018c00744cd0 nmethod 2372 0x0000018c68ea1690 code [0x0000018c68ea1840, 0x0000018c68ea1a58]
Event: 10.969 Thread 0x0000018c006aa860 nmethod 2371 0x0000018c68ea1b10 code [0x0000018c68ea1cc0, 0x0000018c68ea1f78]
Event: 10.969 Thread 0x0000018c00744cd0 2373       3       java.lang.WeakPairMap$Pair$Weak::first (5 bytes)
Event: 10.969 Thread 0x0000018c006aa860 2374       3       java.lang.WeakPairMap$Pair$Weak::second (8 bytes)
Event: 10.970 Thread 0x0000018c006aa860 nmethod 2374 0x0000018c68ea2090 code [0x0000018c68ea2220, 0x0000018c68ea23f8]
Event: 10.972 Thread 0x0000018c00744cd0 nmethod 2373 0x0000018c68ea2490 code [0x0000018c68ea2620, 0x0000018c68ea27f8]
Event: 11.302 Thread 0x0000018c006aa860 2375       3       java.util.concurrent.locks.ReentrantLock$Sync::isHeldExclusively (16 bytes)
Event: 11.303 Thread 0x0000018c006aa860 nmethod 2375 0x0000018c68ea2890 code [0x0000018c68ea2a20, 0x0000018c68ea2bb8]
Event: 11.428 Thread 0x0000018c006aa860 2376       3       java.util.stream.AbstractPipeline::isParallel (8 bytes)
Event: 11.429 Thread 0x0000018c006aa860 nmethod 2376 0x0000018c68ea2c90 code [0x0000018c68ea2e20, 0x0000018c68ea2f38]
Event: 11.711 Thread 0x0000018c00744cd0 2377       3       java.util.concurrent.TimeUnit::toNanos (45 bytes)
Event: 11.711 Thread 0x0000018c00744cd0 nmethod 2377 0x0000018c68ea3010 code [0x0000018c68ea31c0, 0x0000018c68ea3438]

GC Heap History (4 events):
Event: 2.673 GC heap before
{Heap before GC invocations=0 (full 0):
 garbage-first heap   total 260096K, used 28672K [0x0000000080000000, 0x0000000100000000)
  region size 1024K, 23 young (23552K), 0 survivors (0K)
 Metaspace       used 3066K, committed 3264K, reserved 1114112K
  class space    used 381K, committed 448K, reserved 1048576K
}
Event: 2.685 GC heap after
{Heap after GC invocations=1 (full 0):
 garbage-first heap   total 260096K, used 9204K [0x0000000080000000, 0x0000000100000000)
  region size 1024K, 3 young (3072K), 3 survivors (3072K)
 Metaspace       used 3066K, committed 3264K, reserved 1114112K
  class space    used 381K, committed 448K, reserved 1048576K
}
Event: 4.310 GC heap before
{Heap before GC invocations=1 (full 0):
 garbage-first heap   total 260096K, used 38900K [0x0000000080000000, 0x0000000100000000)
  region size 1024K, 31 young (31744K), 3 survivors (3072K)
 Metaspace       used 3972K, committed 4160K, reserved 1114112K
  class space    used 477K, committed 576K, reserved 1048576K
}
Event: 4.320 GC heap after
{Heap after GC invocations=2 (full 0):
 garbage-first heap   total 260096K, used 12640K [0x0000000080000000, 0x0000000100000000)
  region size 1024K, 4 young (4096K), 4 survivors (4096K)
 Metaspace       used 3972K, committed 4160K, reserved 1114112K
  class space    used 477K, committed 576K, reserved 1048576K
}

Deoptimization events (20 events):
Event: 8.954 Thread 0x0000018c4763aad0 Uncommon trap: trap_request=0xffffff45 fr.pc=0x0000018c70599be4 relative=0x0000000000000404
Event: 8.954 Thread 0x0000018c4763aad0 Uncommon trap: reason=unstable_if action=reinterpret pc=0x0000018c70599be4 method=java.util.regex.Matcher.match(II)Z @ 76 c2
Event: 8.954 Thread 0x0000018c4763aad0 DEOPT PACKING pc=0x0000018c70599be4 sp=0x0000001cf66f8ea0
Event: 8.954 Thread 0x0000018c4763aad0 DEOPT UNPACKING pc=0x0000018c6fe85ba3 sp=0x0000001cf66f8e70 mode 2
Event: 8.956 Thread 0x0000018c4763aad0 Uncommon trap: trap_request=0xffffff45 fr.pc=0x0000018c7059a734 relative=0x0000000000000194
Event: 8.956 Thread 0x0000018c4763aad0 Uncommon trap: reason=unstable_if action=reinterpret pc=0x0000018c7059a734 method=java.util.regex.Matcher.reset()Ljava/util/regex/Matcher; @ 47 c2
Event: 8.956 Thread 0x0000018c4763aad0 DEOPT PACKING pc=0x0000018c7059a734 sp=0x0000001cf66f8d70
Event: 8.956 Thread 0x0000018c4763aad0 DEOPT UNPACKING pc=0x0000018c6fe85ba3 sp=0x0000001cf66f8d00 mode 2
Event: 9.040 Thread 0x0000018c4763aad0 Uncommon trap: trap_request=0xffffff45 fr.pc=0x0000018c706652f4 relative=0x0000000000000074
Event: 9.040 Thread 0x0000018c4763aad0 Uncommon trap: reason=unstable_if action=reinterpret pc=0x0000018c706652f4 method=jdk.internal.misc.Unsafe.convEndian(ZI)I @ 4 c2
Event: 9.040 Thread 0x0000018c4763aad0 DEOPT PACKING pc=0x0000018c706652f4 sp=0x0000001cf66facd0
Event: 9.040 Thread 0x0000018c4763aad0 DEOPT UNPACKING pc=0x0000018c6fe85ba3 sp=0x0000001cf66fabd8 mode 2
Event: 9.108 Thread 0x0000018c4763aad0 Uncommon trap: trap_request=0xffffff45 fr.pc=0x0000018c70608218 relative=0x0000000000000b98
Event: 9.108 Thread 0x0000018c4763aad0 Uncommon trap: reason=unstable_if action=reinterpret pc=0x0000018c70608218 method=java.io.WinNTFileSystem.resolve(Ljava/lang/String;Ljava/lang/String;)Ljava/lang/String; @ 19 c2
Event: 9.108 Thread 0x0000018c4763aad0 DEOPT PACKING pc=0x0000018c70608218 sp=0x0000001cf66fb890
Event: 9.108 Thread 0x0000018c4763aad0 DEOPT UNPACKING pc=0x0000018c6fe85ba3 sp=0x0000001cf66fb838 mode 2
Event: 9.114 Thread 0x0000018c4763aad0 Uncommon trap: trap_request=0xffffff45 fr.pc=0x0000018c705fca6c relative=0x000000000000062c
Event: 9.114 Thread 0x0000018c4763aad0 Uncommon trap: reason=unstable_if action=reinterpret pc=0x0000018c705fca6c method=java.io.File.getName()Ljava/lang/String; @ 16 c2
Event: 9.114 Thread 0x0000018c4763aad0 DEOPT PACKING pc=0x0000018c705fca6c sp=0x0000001cf66fb830
Event: 9.114 Thread 0x0000018c4763aad0 DEOPT UNPACKING pc=0x0000018c6fe85ba3 sp=0x0000001cf66fb800 mode 2

Classes unloaded (0 events):
No events

Classes redefined (0 events):
No events

Internal exceptions (20 events):
Event: 7.823 Thread 0x0000018c4763aad0 Exception <a 'java/lang/NoSuchMethodError'{0x000000008e01a9c8}: 'long java.lang.invoke.DirectMethodHandle$Holder.invokeInterface(java.lang.Object, java.lang.Object)'> (0x000000008e01a9c8) 
thrown [s\open\src\hotspot\share\interpreter\linkResolver.cpp, line 759]
Event: 7.827 Thread 0x0000018c4763aad0 Exception <a 'java/lang/NoSuchMethodError'{0x000000008e028b40}: 'void java.lang.invoke.DelegatingMethodHandle$Holder.reinvoke_L(java.lang.Object, java.lang.Object, java.lang.Object, java.lang.Object, java.lang.Object, java.lang.Object, java.lang.Object)'> (0x000000008e028b40) 
thrown [s\open\src\hotspot\share\interpreter\linkResolver.cpp, line 759]
Event: 8.613 Thread 0x0000018c47639690 Exception <a 'java/lang/NoSuchMethodError'{0x000000008d398240}: static Lorg/gradle/internal/build/event/types/DefaultOperationStartedProgressEvent;.<clinit>()V> (0x000000008d398240) 
thrown [s\open\src\hotspot\share\prims\jni.cpp, line 1112]
Event: 8.615 Thread 0x0000018c47639690 Exception <a 'java/lang/NoSuchMethodError'{0x000000008d399908}: static Lorg/gradle/internal/build/event/types/AbstractProgressEvent;.<clinit>()V> (0x000000008d399908) 
thrown [s\open\src\hotspot\share\prims\jni.cpp, line 1112]
Event: 8.618 Thread 0x0000018c47639690 Exception <a 'java/lang/NoSuchMethodError'{0x000000008d3a2098}: static Lorg/gradle/internal/build/event/types/DefaultOperationDescriptor;.<clinit>()V> (0x000000008d3a2098) 
thrown [s\open\src\hotspot\share\prims\jni.cpp, line 1112]
Event: 8.624 Thread 0x0000018c47639690 Exception <a 'java/lang/NoSuchMethodError'{0x000000008d3b6bf8}: static Lorg/gradle/internal/operations/OperationIdentifier;.<clinit>()V> (0x000000008d3b6bf8) 
thrown [s\open\src\hotspot\share\prims\jni.cpp, line 1112]
Event: 8.846 Thread 0x0000018c4763aad0 Exception <a 'java/lang/NoSuchMethodError'{0x000000008cd09e48}: 'void java.lang.invoke.DirectMethodHandle$Holder.invokeStaticInit(java.lang.Object)'> (0x000000008cd09e48) 
thrown [s\open\src\hotspot\share\interpreter\linkResolver.cpp, line 759]
Event: 8.852 Thread 0x0000018c4763aad0 Exception <a 'java/lang/NoSuchMethodError'{0x000000008cd20ae0}: 'void java.lang.invoke.DirectMethodHandle$Holder.invokeSpecial(java.lang.Object, java.lang.Object, java.lang.Object)'> (0x000000008cd20ae0) 
thrown [s\open\src\hotspot\share\interpreter\linkResolver.cpp, line 759]
Event: 8.895 Thread 0x0000018c4763aad0 Exception <a 'java/lang/NoSuchMethodError'{0x000000008cdaba18}: 'java.lang.Object java.lang.invoke.DirectMethodHandle$Holder.newInvokeSpecial(java.lang.Object, java.lang.Object, java.lang.Object, int)'> (0x000000008cdaba18) 
thrown [s\open\src\hotspot\share\interpreter\linkResolver.cpp, line 759]
Event: 8.897 Thread 0x0000018c4763aad0 Exception <a 'java/lang/NoSuchMethodError'{0x000000008cdb0898}: 'java.lang.Object java.lang.invoke.DirectMethodHandle$Holder.invokeSpecial(java.lang.Object, java.lang.Object, java.lang.Object, java.lang.Object, int)'> (0x000000008cdb0898) 
thrown [s\open\src\hotspot\share\interpreter\linkResolver.cpp, line 759]
Event: 8.899 Thread 0x0000018c4763aad0 Exception <a 'java/lang/NoSuchMethodError'{0x000000008cdb4f00}: 'java.lang.Object java.lang.invoke.Invokers$Holder.linkToTargetMethod(java.lang.Object, java.lang.Object, int, java.lang.Object)'> (0x000000008cdb4f00) 
thrown [s\open\src\hotspot\share\interpreter\linkResolver.cpp, line 759]
Event: 9.186 Thread 0x0000018c4763aad0 Exception <a 'java/lang/NoSuchMethodError'{0x000000008c822f70}: 'java.lang.Object java.lang.invoke.DirectMethodHandle$Holder.newInvokeSpecial(java.lang.Object, java.lang.Object, java.lang.Object, java.lang.Object, java.lang.Object)'> (0x000000008c822f70) 
thrown [s\open\src\hotspot\share\interpreter\linkResolver.cpp, line 759]
Event: 9.262 Thread 0x0000018c4763aad0 Exception <a 'java/lang/NoSuchMethodError'{0x000000008c720e80}: 'int java.lang.invoke.DirectMethodHandle$Holder.invokeSpecialIFC(java.lang.Object, java.lang.Object, java.lang.Object, java.lang.Object)'> (0x000000008c720e80) 
thrown [s\open\src\hotspot\share\interpreter\linkResolver.cpp, line 759]
Event: 9.268 Thread 0x0000018c4763aad0 Exception <a 'java/lang/NoSuchMethodError'{0x000000008c72fe58}: 'java.lang.Object java.lang.invoke.DirectMethodHandle$Holder.invokeInterface(java.lang.Object, java.lang.Object, java.lang.Object)'> (0x000000008c72fe58) 
thrown [s\open\src\hotspot\share\interpreter\linkResolver.cpp, line 759]
Event: 9.269 Thread 0x0000018c4763aad0 Exception <a 'java/lang/IncompatibleClassChangeError'{0x000000008c733d30}: Found class java.lang.Object, but interface was expected> (0x000000008c733d30) 
thrown [s\open\src\hotspot\share\interpreter\linkResolver.cpp, line 826]
Event: 9.471 Thread 0x0000018c4763aad0 Exception <a 'java/lang/NoSuchMethodError'{0x000000008c5f1e78}: 'int java.lang.invoke.DirectMethodHandle$Holder.invokeStatic(java.lang.Object, java.lang.Object, java.lang.Object, java.lang.Object)'> (0x000000008c5f1e78) 
thrown [s\open\src\hotspot\share\interpreter\linkResolver.cpp, line 759]
Event: 9.472 Thread 0x0000018c4763aad0 Exception <a 'java/lang/NoSuchMethodError'{0x000000008c5f5d48}: 'java.lang.Object java.lang.invoke.Invokers$Holder.invokeExact_MT(java.lang.Object, java.lang.Object, java.lang.Object, java.lang.Object, java.lang.Object, java.lang.Object)'> (0x000000008c5f5d48) 
thrown [s\open\src\hotspot\share\interpreter\linkResolver.cpp, line 759]
Event: 9.589 Thread 0x0000018c4763aad0 Exception <a 'java/lang/NoSuchMethodError'{0x000000008c49a9b8}: 'java.lang.Object java.lang.invoke.DirectMethodHandle$Holder.invokeInterface(java.lang.Object, java.lang.Object)'> (0x000000008c49a9b8) 
thrown [s\open\src\hotspot\share\interpreter\linkResolver.cpp, line 759]
Event: 9.698 Thread 0x0000018c4763aad0 Exception <a 'java/lang/NoSuchMethodError'{0x000000008c227890}: 'void java.lang.invoke.DirectMethodHandle$Holder.invokeSpecial(java.lang.Object, java.lang.Object, java.lang.Object, java.lang.Object, java.lang.Object)'> (0x000000008c227890) 
thrown [s\open\src\hotspot\share\interpreter\linkResolver.cpp, line 759]
Event: 9.784 Thread 0x0000018c4763aad0 Exception <a 'java/lang/NoSuchMethodError'{0x000000008c15b680}: 'java.lang.Object java.lang.invoke.DirectMethodHandle$Holder.invokeSpecial(java.lang.Object, java.lang.Object, java.lang.Object, java.lang.Object, java.lang.Object, java.lang.Object, java.lang.Object, java.lang.Object, java.lang.Object)'> (0x000000008c15b680) 
thrown [s\open\src\hotspot\share\interpreter\linkResolver.cpp, line 759]

VM Operations (20 events):
Event: 5.885 Executing VM operation: HandshakeAllThreads
Event: 5.885 Executing VM operation: HandshakeAllThreads done
Event: 6.084 Executing VM operation: HandshakeAllThreads
Event: 6.084 Executing VM operation: HandshakeAllThreads done
Event: 7.090 Executing VM operation: Cleanup
Event: 7.091 Executing VM operation: Cleanup done
Event: 7.171 Executing VM operation: HandshakeAllThreads
Event: 7.171 Executing VM operation: HandshakeAllThreads done
Event: 7.386 Executing VM operation: HandshakeAllThreads
Event: 7.386 Executing VM operation: HandshakeAllThreads done
Event: 8.389 Executing VM operation: Cleanup
Event: 8.389 Executing VM operation: Cleanup done
Event: 8.399 Executing VM operation: HandshakeAllThreads
Event: 8.399 Executing VM operation: HandshakeAllThreads done
Event: 8.400 Executing VM operation: HandshakeAllThreads
Event: 8.400 Executing VM operation: HandshakeAllThreads done
Event: 9.406 Executing VM operation: Cleanup
Event: 9.407 Executing VM operation: Cleanup done
Event: 10.412 Executing VM operation: Cleanup
Event: 10.960 Executing VM operation: Cleanup done

Events (20 events):
Event: 9.238 loading class java/nio/file/FileSystemException done
Event: 9.238 loading class java/nio/file/NoSuchFileException done
Event: 9.241 loading class java/nio/file/attribute/PosixFilePermissions
Event: 9.241 loading class java/nio/file/attribute/PosixFilePermissions done
Event: 9.242 loading class java/nio/file/attribute/PosixFilePermissions$1
Event: 9.242 loading class java/nio/file/attribute/PosixFilePermissions$1 done
Event: 9.250 loading class java/util/concurrent/locks/ReadWriteLock
Event: 9.250 loading class java/util/concurrent/locks/ReadWriteLock done
Event: 9.255 loading class java/nio/file/FileVisitor
Event: 9.256 loading class java/nio/file/FileVisitor done
Event: 9.256 loading class java/nio/file/FileVisitOption
Event: 9.256 loading class java/nio/file/FileVisitOption done
Event: 9.270 loading class java/util/stream/ReduceOps$1
Event: 9.270 loading class java/util/stream/ReduceOps$1 done
Event: 9.271 loading class java/util/stream/ReduceOps$1ReducingSink
Event: 9.271 loading class java/util/stream/ReduceOps$1ReducingSink done
Event: 9.468 loading class java/lang/invoke/MethodHandle$1
Event: 9.468 loading class java/lang/invoke/MethodHandle$1 done
Event: 10.968 Thread 0x0000018c46854000 Thread exited: 0x0000018c46854000
Event: 10.968 Thread 0x0000018c46981b70 Thread exited: 0x0000018c46981b70


Dynamic libraries:
0x00007ff64a7a0000 - 0x00007ff64a7b0000 	C:\Program Files\Java\jdk-17\bin\java.exe
0x00007ffb8b280000 - 0x00007ffb8b4e7000 	C:\WINDOWS\SYSTEM32\ntdll.dll
0x00007ffb4fc80000 - 0x00007ffb4fca1000 	C:\Program Files\Avast Software\Avast\aswhook.dll
0x00007ffb8a590000 - 0x00007ffb8a659000 	C:\WINDOWS\System32\KERNEL32.DLL
0x00007ffb88000000 - 0x00007ffb883f7000 	C:\WINDOWS\System32\KERNELBASE.dll
0x00007ffb87cb0000 - 0x00007ffb87dfb000 	C:\WINDOWS\System32\ucrtbase.dll
0x00007ffb38690000 - 0x00007ffb386a9000 	C:\Program Files\Java\jdk-17\bin\jli.dll
0x00007ffb38670000 - 0x00007ffb3868b000 	C:\Program Files\Java\jdk-17\bin\VCRUNTIME140.dll
0x00007ffb8a290000 - 0x00007ffb8a346000 	C:\WINDOWS\System32\ADVAPI32.dll
0x00007ffb8ab00000 - 0x00007ffb8aba9000 	C:\WINDOWS\System32\msvcrt.dll
0x00007ffb8a670000 - 0x00007ffb8a717000 	C:\WINDOWS\System32\sechost.dll
0x00007ffb8a800000 - 0x00007ffb8a918000 	C:\WINDOWS\System32\RPCRT4.dll
0x00007ffb89200000 - 0x00007ffb893c6000 	C:\WINDOWS\System32\USER32.dll
0x00007ffb606c0000 - 0x00007ffb60952000 	C:\WINDOWS\WinSxS\amd64_microsoft.windows.common-controls_6595b64144ccf1df_6.0.26100.8457_none_3e0b2faee331e92d\COMCTL32.dll
0x00007ffb88400000 - 0x00007ffb88427000 	C:\WINDOWS\System32\win32u.dll
0x00007ffb893e0000 - 0x00007ffb8940b000 	C:\WINDOWS\System32\GDI32.dll
0x00007ffb88e20000 - 0x00007ffb88f4c000 	C:\WINDOWS\System32\gdi32full.dll
0x00007ffb88f50000 - 0x00007ffb88ff3000 	C:\WINDOWS\System32\msvcp_win.dll
0x00007ffb81ad0000 - 0x00007ffb81adb000 	C:\WINDOWS\SYSTEM32\VERSION.dll
0x00007ffb8afc0000 - 0x00007ffb8aff2000 	C:\WINDOWS\System32\IMM32.DLL
0x00007ffb757b0000 - 0x00007ffb757bc000 	C:\Program Files\Java\jdk-17\bin\vcruntime140_1.dll
0x00007ffb38330000 - 0x00007ffb383be000 	C:\Program Files\Java\jdk-17\bin\msvcp140.dll
0x00007ffaaf650000 - 0x00007ffab0231000 	C:\Program Files\Java\jdk-17\bin\server\jvm.dll
0x00007ffb89080000 - 0x00007ffb89088000 	C:\WINDOWS\System32\PSAPI.DLL
0x00007ffb73350000 - 0x00007ffb7335a000 	C:\WINDOWS\SYSTEM32\WSOCK32.dll
0x00007ffb75770000 - 0x00007ffb757a6000 	C:\WINDOWS\SYSTEM32\WINMM.dll
0x00007ffb8b050000 - 0x00007ffb8b0d0000 	C:\WINDOWS\System32\WS2_32.dll
0x00007ffb86a20000 - 0x00007ffb86a3b000 	C:\WINDOWS\SYSTEM32\kernel.appcore.dll
0x00007ffb68a20000 - 0x00007ffb68a2a000 	C:\Program Files\Java\jdk-17\bin\jimage.dll
0x00007ffb85650000 - 0x00007ffb85892000 	C:\WINDOWS\SYSTEM32\DBGHELP.DLL
0x00007ffb8ac30000 - 0x00007ffb8afb3000 	C:\WINDOWS\System32\combase.dll
0x00007ffb8a1b0000 - 0x00007ffb8a289000 	C:\WINDOWS\System32\OLEAUT32.dll
0x00007ffb7f730000 - 0x00007ffb7f76b000 	C:\WINDOWS\SYSTEM32\dbgcore.DLL
0x00007ffb87e00000 - 0x00007ffb87ea8000 	C:\WINDOWS\System32\bcryptPrimitives.dll
0x00007ffb38640000 - 0x00007ffb38665000 	C:\Program Files\Java\jdk-17\bin\java.dll
0x00007ffb15290000 - 0x00007ffb15367000 	C:\Program Files\Java\jdk-17\bin\jsvml.dll
0x00007ffb898d0000 - 0x00007ffb8a03e000 	C:\WINDOWS\System32\SHELL32.dll
0x00007ffb885b0000 - 0x00007ffb88e1c000 	C:\WINDOWS\System32\windows.storage.dll
0x00007ffb8a050000 - 0x00007ffb8a146000 	C:\WINDOWS\System32\SHCORE.dll
0x00007ffb89190000 - 0x00007ffb891f6000 	C:\WINDOWS\System32\shlwapi.dll
0x00007ffb87bd0000 - 0x00007ffb87bf9000 	C:\WINDOWS\SYSTEM32\profapi.dll
0x00007ffb38310000 - 0x00007ffb38329000 	C:\Program Files\Java\jdk-17\bin\net.dll
0x00007ffb815a0000 - 0x00007ffb816c9000 	C:\WINDOWS\SYSTEM32\WINHTTP.dll
0x00007ffb86fb0000 - 0x00007ffb8701c000 	C:\WINDOWS\system32\mswsock.dll
0x00007ffb382f0000 - 0x00007ffb38306000 	C:\Program Files\Java\jdk-17\bin\nio.dll
0x00007ffb382d0000 - 0x00007ffb382e8000 	C:\Program Files\Java\jdk-17\bin\zip.dll
0x00007ffb522c0000 - 0x00007ffb522d0000 	C:\Program Files\Java\jdk-17\bin\verify.dll
0x00007ffb7b0e0000 - 0x00007ffb7b107000 	C:\Users\Maulana Bintang\.gradle\native\e1d6ef7f7dcc3fd88c89a11ec53ec762bb8ba0a96d01ffa2cd45eb1d1d8dd5c5\windows-amd64\native-platform.dll
0x00007ffb10e20000 - 0x00007ffb10f64000 	C:\Users\Maulana Bintang\.gradle\native\0d407fdbe67a94daf76414ababcb853783967236a71b16ec16e742cd7a986fd3\windows-amd64\native-platform-file-events.dll
0x00007ffb50c80000 - 0x00007ffb50c8a000 	C:\Program Files\Java\jdk-17\bin\management.dll
0x00007ffb4f160000 - 0x00007ffb4f16b000 	C:\Program Files\Java\jdk-17\bin\management_ext.dll
0x00007ffb87300000 - 0x00007ffb8731b000 	C:\WINDOWS\SYSTEM32\CRYPTSP.dll
0x00007ffb86980000 - 0x00007ffb869b9000 	C:\WINDOWS\system32\rsaenh.dll
0x00007ffb87060000 - 0x00007ffb87093000 	C:\WINDOWS\SYSTEM32\USERENV.dll
0x00007ffb87ba0000 - 0x00007ffb87bca000 	C:\WINDOWS\SYSTEM32\bcrypt.dll
0x00007ffb87320000 - 0x00007ffb8732c000 	C:\WINDOWS\SYSTEM32\CRYPTBASE.dll
0x00007ffb86450000 - 0x00007ffb86482000 	C:\WINDOWS\SYSTEM32\IPHLPAPI.DLL
0x00007ffb8a660000 - 0x00007ffb8a66a000 	C:\WINDOWS\System32\NSI.dll
0x00007ffb80fd0000 - 0x00007ffb80fed000 	C:\WINDOWS\SYSTEM32\dhcpcsvc6.DLL
0x00007ffb80fa0000 - 0x00007ffb80fc5000 	C:\WINDOWS\SYSTEM32\dhcpcsvc.DLL
0x00007ffb864f0000 - 0x00007ffb86622000 	C:\WINDOWS\SYSTEM32\DNSAPI.dll
0x00007ffb4e6e0000 - 0x00007ffb4e6ee000 	C:\Program Files\Java\jdk-17\bin\sunmscapi.dll
0x00007ffb88430000 - 0x00007ffb885a8000 	C:\WINDOWS\System32\CRYPT32.dll
0x00007ffb875d0000 - 0x00007ffb87600000 	C:\WINDOWS\SYSTEM32\ncrypt.dll
0x00007ffb87580000 - 0x00007ffb875bf000 	C:\WINDOWS\SYSTEM32\NTASN1.dll
0x00007ffb82570000 - 0x00007ffb82578000 	C:\WINDOWS\system32\wshunix.dll

dbghelp: loaded successfully - version: 4.0.5 - missing functions: none
symbol engine: initialized successfully - sym options: 0x614 - pdb path: .;C:\Program Files\Java\jdk-17\bin;C:\WINDOWS\SYSTEM32;C:\Program Files\Avast Software\Avast;C:\WINDOWS\WinSxS\amd64_microsoft.windows.common-controls_6595b64144ccf1df_6.0.26100.8457_none_3e0b2faee331e92d;C:\Program Files\Java\jdk-17\bin\server;C:\Users\Maulana Bintang\.gradle\native\e1d6ef7f7dcc3fd88c89a11ec53ec762bb8ba0a96d01ffa2cd45eb1d1d8dd5c5\windows-amd64;C:\Users\Maulana Bintang\.gradle\native\0d407fdbe67a94daf76414ababcb853783967236a71b16ec16e742cd7a986fd3\windows-amd64

VM Arguments:
jvm_args: --add-opens=java.base/java.util=ALL-UNNAMED --add-opens=java.base/java.lang=ALL-UNNAMED --add-opens=java.base/java.lang.invoke=ALL-UNNAMED --add-opens=java.base/java.util=ALL-UNNAMED --add-opens=java.prefs/java.util.prefs=ALL-UNNAMED --add-opens=java.prefs/java.util.prefs=ALL-UNNAMED --add-opens=java.base/java.nio.charset=ALL-UNNAMED --add-opens=java.base/java.net=ALL-UNNAMED --add-opens=java.base/java.util.concurrent.atomic=ALL-UNNAMED -Xmx2048m -Dfile.encoding=UTF-8 -Duser.country=US -Duser.language=en -Duser.variant 
java_command: org.gradle.launcher.daemon.bootstrap.GradleDaemon 7.4
java_class_path (initial): C:\Users\Maulana Bintang\.gradle\wrapper\dists\gradle-7.4-bin\c0gwcg53nkjbqw7r0h0umtfvt\gradle-7.4\lib\gradle-launcher-7.4.jar
Launcher Type: SUN_STANDARD

[Global flags]
     intx CICompilerCount                          = 12                                        {product} {ergonomic}
     uint ConcGCThreads                            = 3                                         {product} {ergonomic}
     uint G1ConcRefinementThreads                  = 13                                        {product} {ergonomic}
   size_t G1HeapRegionSize                         = 1048576                                   {product} {ergonomic}
    uintx GCDrainStackTargetSize                   = 64                                        {product} {ergonomic}
   size_t InitialHeapSize                          = 266338304                                 {product} {ergonomic}
   size_t MarkStackSize                            = 4194304                                   {product} {ergonomic}
   size_t MaxHeapSize                              = 2147483648                                {product} {command line}
   size_t MaxNewSize                               = 1287651328                                {product} {ergonomic}
   size_t MinHeapDeltaBytes                        = 1048576                                   {product} {ergonomic}
   size_t MinHeapSize                              = 8388608                                   {product} {ergonomic}
    uintx NonNMethodCodeHeapSize                   = 7602480                                {pd product} {ergonomic}
    uintx NonProfiledCodeHeapSize                  = 122027880                              {pd product} {ergonomic}
    uintx ProfiledCodeHeapSize                     = 122027880                              {pd product} {ergonomic}
    uintx ReservedCodeCacheSize                    = 251658240                              {pd product} {ergonomic}
     bool SegmentedCodeCache                       = true                                      {product} {ergonomic}
   size_t SoftMaxHeapSize                          = 2147483648                             {manageable} {ergonomic}
     bool UseCompressedClassPointers               = true                           {product lp64_product} {ergonomic}
     bool UseCompressedOops                        = true                           {product lp64_product} {ergonomic}
     bool UseG1GC                                  = true                                      {product} {ergonomic}
     bool UseLargePagesIndividualAllocation        = false                                  {pd product} {ergonomic}

Logging:
Log output configuration:
 #0: stdout all=warning uptime,level,tags
 #1: stderr all=off uptime,level,tags

Environment Variables:
CLASSPATH=C:\Program Files\Java\mysql-connector-java-8.0.27.jar;.;
PATH=C:\Program Files\Common Files\Oracle\Java\javapath;C:\Windows\system32;C:\Windows;C:\Windows\System32\Wbem;C:\Windows\System32\WindowsPowerShell\v1.0\;C:\Windows\System32\OpenSSH\;C:\Program Files (x86)\NVIDIA Corporation\PhysX\Common;C:\Program Files\Java\jdk-17\bin;C:\ProgramData\ComposerSetup\bin;C:\xampp\php;D:\PuTTY\;D:\Python;D:\Python\Scripts;D:/JetBrains/IntelliJ IDEA 2020.1/plugins/maven/lib/maven3\bin;F:\CHFI - COURSENET\Amazon\;C:\Program Files\WireGuard\;C:\Program Files\heroku\bin;C:\Program Files\NVIDIA Corporation\NVIDIA app\NvDLISR;D:\Android\Sdk\platform-tools;D:\Android-2025\jdk-17.0.14+7\bin;C:\Users\Maulana Bintang\.platformio\penv\Scripts;D:\MOBSF\wkhtmltopdf\bin;C:\Program Files\nodejs\;D:\Grafana\;C:\Users\Maulana Bintang\.cargo\bin;D:\laragon\bin\php\php-8.3.27-nts-Win32-vs16-x64;C:\Program Files\PuTTY\;C:\Program Files\Git\cmd;C:\WINDOWS\system32;C:\WINDOWS;C:\WINDOWS\System32\Wbem;C:\WINDOWS\System32\WindowsPowerShell\v1.0\;C:\WINDOWS\System32\OpenSSH\;D:\Python\Scripts\;D:\Python\;C:\Users\Maulana Bintang\AppData\Local\Yarn\config\global\node_modules\.bin;C:\Users\Maulana Bintang\AppData\Roaming\Composer\vendor\bin;C:\Users\Maulana Bintang\AppData\Roaming\npm;D:\laragon\bin;D:\laragon\bin\apache\httpd-2.4.54-win64-VS16\bin;D:\laragon\bin\composer;D:\laragon\bin\git\bin;D:\laragon\bin\git\cmd;D:\laragon\bin\git\mingw64\bin;D:\laragon\bin\git\usr\bin;D:\laragon\bin\laragon\utils;D:\laragon\bin\mysql\mysql-8.0.30-winx64\bin;D:\laragon\bin\nginx\nginx-1.22.0;D:\laragon\bin\ngrok;D:\laragon\bin\nodejs\node-v18;D:\laragon\bin\notepad++;D:\laragon\bin\php\php-8.3.27-nts-Win32-vs16-x64;D:\laragon\bin\postgresql\pgsql\bin;D:\laragon\bin\python\python-3.10;D:\laragon\bin\python\python-3.10\Scripts;D:\laragon\bin\redis\redis-x64-5.0.14.1;D:\laragon\bin\telnet;D:\laragon\usr\bin;C:\Users\Maulana Bintang\AppData\Local\Microsoft\WindowsApps;C:\Users\Maulana Bintang\AppData\Local\Programs\Microsoft VS Code\bin;D:\Python\Scripts;D:\Python;D:\Android\Sdk
USERNAME=Maulana Bintang
OS=Windows_NT
PROCESSOR_IDENTIFIER=Intel64 Family 6 Model 141 Stepping 1, GenuineIntel



---------------  S Y S T E M  ---------------

OS:
 Windows 11 , 64 bit Build 26100 (10.0.26100.8328)
OS uptime: 1 days 3:11 hours
Hyper-V role detected

CPU: total 16 (initial active 16) (8 cores per cpu, 2 threads per core) family 6 model 141 stepping 1 microcode 0x3e, cx8, cmov, fxsr, ht, mmx, 3dnowpref, sse, sse2, sse3, ssse3, sse4.1, sse4.2, popcnt, lzcnt, tsc, tscinvbit, avx, avx2, aes, erms, clmul, bmi1, bmi2, adx, avx512f, avx512dq, avx512cd, avx512bw, avx512vl, sha, fma, vzeroupper, avx512_vpopcntdq, avx512_vpclmulqdq, avx512_vaes, avx512_vnni, clflush, clflushopt, clwb, avx512_vbmi2, avx512_vbmi, hv

Memory: 4k page, system-wide physical 16167M (871M free)
TotalPageFile size 36744M (AvailPageFile size 24M)
current process WorkingSet (physical memory assigned to process): 192M, peak: 192M
current process commit charge ("private bytes"): 428M, peak: 428M

vm_info: Java HotSpot(TM) 64-Bit Server VM (17.0.14+8-LTS-191) for windows-amd64 JRE (17.0.14+8-LTS-191), built on Dec  3 2024 11:07:59 by "mach5one" with MS VC++ 17.6 (VS2022)

END.
